2025-01-04 18:39:00 | DEBUG | repo=fastfetch | action=commit
2024-04-09 08:13:00 | DEBUG | repo=fastfetch | action=commit
2024-09-07 10:26:00 | INFO | repo=fastfetch | action=commit
2025-11-16 09:44:00 | DEBUG | repo=fastfetch | action=commit
2025-02-05 07:54:00 | INFO | repo=fastfetch | action=commit
2024-07-04 19:10:00 | INFO | repo=fastfetch | action=test | passed=true
2025-03-09 13:49:00 | DEBUG | repo=fastfetch | action=commit
2024-11-08 12:14:00 | DEBUG | repo=fastfetch | action=pull
2025-08-04 15:55:00 | DEBUG | repo=fastfetch | action=commit
2025-04-01 14:56:00 | DEBUG | repo=fastfetch | action=commit
2025-08-01 10:34:00 | DEBUG | repo=fastfetch | action=commit
2025-06-25 21:33:00 | DEBUG | repo=fastfetch | action=commit
2025-03-14 19:11:00 | INFO | repo=fastfetch | action=pull
2025-10-20 11:16:00 | WARN | repo=fastfetch | action=commit
2025-12-25 18:50:00 | WARN | repo=fastfetch | action=pull
2024-06-04 17:31:00 | WARN | repo=fastfetch | action=commit
2025-07-17 13:22:00 | INFO | repo=fastfetch | action=commit
2025-05-03 20:26:00 | INFO | repo=fastfetch | action=pull
2025-05-18 14:25:00 | DEBUG | repo=fastfetch | action=edit | files=5
2025-04-06 16:15:00 | WARN | repo=fastfetch | action=commit
2025-09-09 14:42:00 | WARN | repo=fastfetch | action=commit
2024-01-03 14:51:00 | INFO | repo=fastfetch | action=commit
2024-08-06 11:45:00 | DEBUG | repo=fastfetch | action=commit
2025-02-02 11:02:00 | DEBUG | repo=fastfetch | action=commit
2025-06-16 07:47:00 | INFO | repo=fastfetch | action=commit
2024-11-16 11:56:00 | INFO | repo=fastfetch | action=test | passed=true
2025-01-20 07:22:00 | DEBUG | repo=fastfetch | action=commit
2025-03-19 20:39:00 | INFO | repo=fastfetch | action=commit
2024-10-06 16:31:00 | WARN | repo=fastfetch | action=test | passed=true
2024-07-05 12:21:00 | INFO | repo=fastfetch | action=commit
2024-04-06 08:01:00 | INFO | repo=fastfetch | action=pull
2025-10-14 15:09:00 | DEBUG | repo=fastfetch | action=commit
2024-11-28 12:04:00 | INFO | repo=fastfetch | action=commit
2025-04-28 21:32:00 | DEBUG | repo=fastfetch | action=commit
2025-10-25 20:01:00 | DEBUG | repo=fastfetch | action=commit
2025-02-27 08:37:00 | DEBUG | repo=fastfetch | action=test | passed=true
2025-06-11 11:50:00 | DEBUG | repo=fastfetch | action=edit | files=1
2025-03-18 08:36:00 | DEBUG | repo=fastfetch | action=commit
2025-07-10 08:31:00 | INFO | repo=fastfetch | action=edit | files=1
2025-09-14 07:20:00 | WARN | repo=fastfetch | action=test | passed=true
2025-02-03 20:09:00 | WARN | repo=fastfetch | action=pull
2025-12-11 09:57:00 | WARN | repo=fastfetch | action=commit
2025-03-17 18:20:00 | INFO | repo=fastfetch | action=commit
2025-07-11 19:56:00 | DEBUG | repo=fastfetch | action=test | passed=true
2025-05-04 19:05:00 | WARN | repo=fastfetch | action=commit
2025-10-09 12:51:00 | DEBUG | repo=fastfetch | action=commit
2025-04-04 21:42:00 | INFO | repo=fastfetch | action=commit
2025-08-10 16:48:00 | WARN | repo=fastfetch | action=pull
2025-01-20 08:49:00 | DEBUG | repo=fastfetch | action=edit | files=3
2025-08-05 18:37:00 | DEBUG | repo=fastfetch | action=commit
2025-04-20 07:26:00 | INFO | repo=fastfetch | action=commit
2025-03-12 18:46:00 | DEBUG | repo=fastfetch | action=commit
2025-06-26 18:12:00 | INFO | repo=fastfetch | action=commit
2025-01-24 21:23:00 | DEBUG | repo=fastfetch | action=test | passed=true
2025-01-06 18:32:00 | DEBUG | repo=fastfetch | action=pull
2025-06-12 19:28:00 | WARN | repo=fastfetch | action=edit | files=3
2025-11-17 13:55:00 | DEBUG | repo=fastfetch | action=commit
2025-08-19 19:58:00 | WARN | repo=fastfetch | action=pull
2025-07-21 15:55:00 | DEBUG | repo=fastfetch | action=commit
2025-03-10 19:58:00 | WARN | repo=fastfetch | action=commit
2025-11-26 12:45:00 | INFO | repo=fastfetch | action=commit
2025-04-07 09:23:00 | DEBUG | repo=fastfetch | action=commit
2025-01-05 13:36:00 | DEBUG | repo=fastfetch | action=commit
2025-06-10 07:38:00 | WARN | repo=fastfetch | action=commit
2025-05-18 18:00:00 | WARN | repo=fastfetch | action=commit
2025-12-22 10:26:00 | WARN | repo=fastfetch | action=pull
2025-01-21 09:25:00 | INFO | repo=fastfetch | action=commit
2025-04-23 21:38:00 | INFO | repo=fastfetch | action=commit
2025-11-16 18:30:00 | DEBUG | repo=fastfetch | action=commit
2025-12-12 16:04:00 | DEBUG | repo=fastfetch | action=commit
2025-08-19 21:45:00 | INFO | repo=fastfetch | action=commit
2025-04-20 15:16:00 | INFO | repo=fastfetch | action=commit
2025-09-21 18:52:00 | INFO | repo=fastfetch | action=commit
2025-08-09 19:36:00 | DEBUG | repo=fastfetch | action=commit
2025-07-08 10:46:00 | INFO | repo=fastfetch | action=commit
2025-09-06 13:19:00 | WARN | repo=fastfetch | action=test | passed=true
2025-08-12 10:02:00 | DEBUG | repo=fastfetch | action=test | passed=true
2025-05-12 15:37:00 | WARN | repo=fastfetch | action=commit
2025-07-13 17:31:00 | WARN | repo=fastfetch | action=commit
2025-05-09 08:14:00 | INFO | repo=fastfetch | action=pull
2025-05-27 11:49:00 | WARN | repo=fastfetch | action=commit
2025-09-14 11:02:00 | DEBUG | repo=fastfetch | action=commit
2025-11-11 20:48:00 | WARN | repo=fastfetch | action=commit
2025-07-25 21:44:00 | WARN | repo=fastfetch | action=commit
2025-11-27 17:11:00 | DEBUG | repo=fastfetch | action=test | passed=true
2025-07-20 13:12:00 | WARN | repo=fastfetch | action=test | passed=true
2025-06-17 08:25:00 | DEBUG | repo=fastfetch | action=test | passed=true
2025-09-19 07:57:00 | WARN | repo=fastfetch | action=commit
2025-07-06 21:58:00 | WARN | repo=fastfetch | action=commit
2025-06-03 10:24:00 | WARN | repo=fastfetch | action=commit
2025-11-24 13:10:00 | WARN | repo=fastfetch | action=commit
2025-06-16 09:27:00 | DEBUG | repo=fastfetch | action=commit
2025-12-21 08:08:00 | INFO | repo=fastfetch | action=edit | files=4
2025-04-18 19:12:00 | WARN | repo=fastfetch | action=commit
2025-10-20 10:47:00 | INFO | repo=fastfetch | action=commit
2025-03-28 11:55:00 | INFO | repo=fastfetch | action=commit
2025-10-17 16:37:00 | WARN | repo=fastfetch | action=test | passed=true
2025-05-03 19:04:00 | DEBUG | repo=fastfetch | action=commit
2025-10-04 13:59:00 | DEBUG | repo=fastfetch | action=commit
2025-11-24 19:17:00 | INFO | repo=fastfetch | action=commit
2025-03-03 07:09:00 | DEBUG | repo=fastfetch | action=commit
2025-06-06 20:50:00 | WARN | repo=fastfetch | action=edit | files=1
2025-11-25 20:13:00 | WARN | repo=fastfetch | action=commit
2025-02-23 09:50:00 | WARN | repo=fastfetch | action=test | passed=true
2025-05-04 19:07:00 | WARN | repo=fastfetch | action=commit
2025-03-24 08:18:00 | INFO | repo=fastfetch | action=commit
2025-11-02 19:02:00 | INFO | repo=fastfetch | action=pull
2025-12-08 19:38:00 | INFO | repo=fastfetch | action=commit
2025-05-22 11:03:00 | INFO | repo=fastfetch | action=test | passed=true
2025-06-07 07:11:00 | DEBUG | repo=fastfetch | action=edit | files=1
2025-02-20 08:27:00 | WARN | repo=fastfetch | action=commit
2025-05-08 17:56:00 | WARN | repo=fastfetch | action=commit
2025-09-03 07:40:00 | WARN | repo=fastfetch | action=commit
2025-04-24 11:29:00 | WARN | repo=fastfetch | action=commit
2025-07-21 20:29:00 | DEBUG | repo=fastfetch | action=commit
2025-05-12 13:06:00 | DEBUG | repo=fastfetch | action=pull
2025-08-11 07:57:00 | INFO | repo=fastfetch | action=test | passed=true
2025-06-20 08:52:00 | DEBUG | repo=fastfetch | action=commit
2025-04-15 08:26:00 | WARN | repo=fastfetch | action=commit
2025-04-22 18:14:00 | WARN | repo=fastfetch | action=commit
2025-03-07 15:17:00 | DEBUG | repo=fastfetch | action=commit
2025-04-04 08:37:00 | DEBUG | repo=fastfetch | action=pull
2025-03-09 08:25:00 | WARN | repo=fastfetch | action=test | passed=true
2025-06-05 18:39:00 | WARN | repo=fastfetch | action=commit
2025-09-21 16:26:00 | DEBUG | repo=fastfetch | action=commit
2025-01-01 17:57:00 | INFO | repo=fastfetch | action=commit
2025-09-09 08:23:00 | INFO | repo=fastfetch | action=test | passed=true
2025-04-12 10:22:00 | WARN | repo=fastfetch | action=pull
2025-12-06 12:43:00 | WARN | repo=fastfetch | action=commit
2025-11-17 16:05:00 | WARN | repo=fastfetch | action=commit
2025-02-05 07:15:00 | WARN | repo=fastfetch | action=commit
2025-10-09 20:13:00 | INFO | repo=fastfetch | action=edit | files=1
2025-03-11 07:48:00 | DEBUG | repo=fastfetch | action=commit
2025-10-15 10:17:00 | DEBUG | repo=fastfetch | action=edit | files=5
2025-07-01 07:19:00 | INFO | repo=fastfetch | action=commit
2025-08-07 10:21:00 | INFO | repo=fastfetch | action=commit
2025-04-19 21:53:00 | INFO | repo=fastfetch | action=test | passed=true
2025-07-05 18:17:00 | WARN | repo=fastfetch | action=commit
2025-02-01 16:19:00 | DEBUG | repo=fastfetch | action=pull
2025-06-06 08:12:00 | DEBUG | repo=fastfetch | action=commit
2025-11-07 08:19:00 | INFO | repo=fastfetch | action=test | passed=true
2025-03-18 18:37:00 | WARN | repo=fastfetch | action=pull
2025-07-23 08:16:00 | WARN | repo=fastfetch | action=pull
2025-01-08 10:43:00 | INFO | repo=fastfetch | action=test | passed=true
2025-11-14 11:27:00 | INFO | repo=fastfetch | action=commit
2025-04-07 08:44:00 | INFO | repo=fastfetch | action=commit
2025-02-08 19:38:00 | INFO | repo=fastfetch | action=commit
2025-09-03 21:39:00 | INFO | repo=fastfetch | action=commit
2025-04-23 13:17:00 | WARN | repo=fastfetch | action=test | passed=true
2025-03-26 18:59:00 | WARN | repo=fastfetch | action=commit
2025-02-19 12:42:00 | WARN | repo=fastfetch | action=commit
2025-09-26 20:34:00 | DEBUG | repo=fastfetch | action=pull
2025-04-03 07:39:00 | INFO | repo=fastfetch | action=commit
2025-06-11 17:16:00 | INFO | repo=fastfetch | action=commit
2025-08-17 09:22:00 | INFO | repo=fastfetch | action=test | passed=true
2025-12-19 16:45:00 | INFO | repo=fastfetch | action=edit | files=3
2025-08-08 18:04:00 | DEBUG | repo=fastfetch | action=commit
2025-11-08 21:24:00 | WARN | repo=fastfetch | action=test | passed=true
2025-02-08 07:11:00 | DEBUG | repo=fastfetch | action=test | passed=true
2025-05-02 11:01:00 | INFO | repo=fastfetch | action=test | passed=true
2025-02-04 12:55:00 | INFO | repo=fastfetch | action=test | passed=true
2025-08-18 07:18:00 | INFO | repo=fastfetch | action=edit | files=3
2025-05-03 20:44:00 | WARN | repo=fastfetch | action=commit
2025-10-22 20:28:00 | DEBUG | repo=fastfetch | action=test | passed=true
2025-06-21 18:50:00 | WARN | repo=fastfetch | action=commit
2025-11-21 07:47:00 | WARN | repo=fastfetch | action=commit
2025-03-18 12:17:00 | DEBUG | repo=fastfetch | action=edit | files=2
2025-10-17 07:26:00 | WARN | repo=fastfetch | action=edit | files=1
2025-01-14 08:10:00 | WARN | repo=fastfetch | action=edit | files=1
2025-08-16 10:27:00 | WARN | repo=fastfetch | action=commit
2025-05-12 09:01:00 | WARN | repo=fastfetch | action=commit
2025-09-12 07:17:00 | INFO | repo=fastfetch | action=commit
2025-01-15 08:29:00 | WARN | repo=fastfetch | action=pull
2025-12-26 11:42:00 | DEBUG | repo=fastfetch | action=commit
2025-11-27 07:44:00 | WARN | repo=fastfetch | action=test | passed=true
2025-01-16 11:56:00 | DEBUG | repo=fastfetch | action=commit
2025-12-03 16:19:00 | INFO | repo=fastfetch | action=edit | files=5
2025-11-26 14:35:00 | DEBUG | repo=fastfetch | action=pull
2025-09-03 18:18:00 | DEBUG | repo=fastfetch | action=test | passed=true
2025-01-03 08:59:00 | WARN | repo=fastfetch | action=commit
2025-06-08 10:40:00 | WARN | repo=fastfetch | action=commit
2025-03-21 07:51:00 | WARN | repo=fastfetch | action=commit
2025-02-18 14:47:00 | DEBUG | repo=fastfetch | action=commit
2025-01-14 07:53:00 | INFO | repo=fastfetch | action=commit
2025-07-05 08:23:00 | WARN | repo=fastfetch | action=pull
2025-01-11 09:47:00 | DEBUG | repo=fastfetch | action=commit
2025-05-02 16:55:00 | WARN | repo=fastfetch | action=edit | files=1
2025-03-15 10:31:00 | DEBUG | repo=fastfetch | action=test | passed=true
2025-11-17 19:32:00 | DEBUG | repo=fastfetch | action=commit
2025-02-09 18:39:00 | WARN | repo=fastfetch | action=commit
2025-10-23 07:21:00 | INFO | repo=fastfetch | action=commit
2025-05-23 09:11:00 | DEBUG | repo=fastfetch | action=commit
2025-11-21 16:56:00 | INFO | repo=fastfetch | action=commit
2025-11-21 10:49:00 | WARN | repo=fastfetch | action=commit
2025-04-20 20:51:00 | INFO | repo=fastfetch | action=pull
2025-11-09 08:55:00 | WARN | repo=fastfetch | action=commit
2025-01-14 08:39:00 | INFO | repo=fastfetch | action=test | passed=true
2025-08-23 16:38:00 | INFO | repo=fastfetch | action=commit
2025-11-21 20:58:00 | WARN | repo=fastfetch | action=commit
2025-05-24 16:40:00 | WARN | repo=fastfetch | action=commit
2025-12-01 14:05:00 | INFO | repo=fastfetch | action=test | passed=true
2025-07-12 16:16:00 | WARN | repo=fastfetch | action=commit
2025-07-24 10:54:00 | DEBUG | repo=fastfetch | action=edit | files=3
2025-12-18 08:30:00 | WARN | repo=fastfetch | action=commit
2025-03-15 11:40:00 | INFO | repo=fastfetch | action=commit
2025-04-04 21:23:00 | INFO | repo=fastfetch | action=commit
2025-01-02 08:31:00 | DEBUG | repo=fastfetch | action=commit
2025-01-01 08:32:00 | INFO | repo=fastfetch | action=edit | files=1
2025-05-25 16:35:00 | WARN | repo=fastfetch | action=commit
2025-04-20 11:26:00 | WARN | repo=fastfetch | action=pull
2025-09-15 07:54:00 | DEBUG | repo=fastfetch | action=test | passed=true
2025-05-02 20:59:00 | WARN | repo=fastfetch | action=test | passed=true
2025-03-23 08:18:00 | WARN | repo=fastfetch | action=pull
2025-08-09 08:22:00 | INFO | repo=fastfetch | action=edit | files=5
2025-04-17 11:13:00 | DEBUG | repo=fastfetch | action=commit
2025-08-08 17:37:00 | WARN | repo=fastfetch | action=pull
2025-09-02 08:13:00 | DEBUG | repo=fastfetch | action=pull
2025-10-26 19:22:00 | WARN | repo=fastfetch | action=commit
2025-09-10 13:25:00 | INFO | repo=fastfetch | action=commit
2025-07-07 21:06:00 | WARN | repo=fastfetch | action=edit | files=2
2025-04-20 16:31:00 | WARN | repo=fastfetch | action=test | passed=true
2025-05-11 20:39:00 | INFO | repo=fastfetch | action=commit
2025-03-26 07:37:00 | INFO | repo=fastfetch | action=commit
2025-08-26 14:27:00 | INFO | repo=fastfetch | action=commit
2025-11-25 15:36:00 | INFO | repo=fastfetch | action=commit
2025-11-09 16:02:00 | DEBUG | repo=fastfetch | action=pull
2025-02-12 16:50:00 | DEBUG | repo=fastfetch | action=commit
2025-10-04 12:23:00 | WARN | repo=fastfetch | action=commit
2025-05-18 09:34:00 | DEBUG | repo=fastfetch | action=commit
2025-11-16 11:45:00 | DEBUG | repo=fastfetch | action=edit | files=1
2025-10-11 07:19:00 | WARN | repo=fastfetch | action=commit
2025-05-24 13:53:00 | INFO | repo=fastfetch | action=commit
2025-05-03 20:14:00 | WARN | repo=fastfetch | action=commit
2025-11-21 17:07:00 | WARN | repo=fastfetch | action=test | passed=true
2025-01-13 18:48:00 | DEBUG | repo=fastfetch | action=commit
2025-08-11 08:57:00 | WARN | repo=fastfetch | action=commit
2025-08-22 07:27:00 | DEBUG | repo=fastfetch | action=edit | files=2
2025-10-27 21:09:00 | WARN | repo=fastfetch | action=test | passed=true
2025-09-22 20:21:00 | DEBUG | repo=fastfetch | action=pull
2025-07-22 08:15:00 | WARN | repo=fastfetch | action=pull
2025-05-01 07:27:00 | INFO | repo=fastfetch | action=commit
2025-06-17 17:38:00 | INFO | repo=fastfetch | action=commit
2025-09-14 10:08:00 | DEBUG | repo=fastfetch | action=commit
2025-12-07 09:10:00 | DEBUG | repo=fastfetch | action=commit
2025-06-06 21:15:00 | INFO | repo=fastfetch | action=test | passed=true
2025-11-24 12:03:00 | WARN | repo=fastfetch | action=commit
